// Jest Snapshot v1, https://goo.gl/fbAQLP

exports[`Test suits for Query Input it should match with snapshot 1`] = `
.c0 {
  background-clip: padding-box;
  background-color: #fff;
  border: 1px solid #ced4da;
  border-radius: 0.25rem;
  color: #495057;
  display: block;
  font-size: 1rem;
  line-height: 1.5;
  padding: 0.375rem 0rem;
  -webkit-transition: border-color 0.15s ease-in-out,box-shadow 0.15s ease-in-out;
  transition: border-color 0.15s ease-in-out,box-shadow 0.15s ease-in-out;
  width: 90%;
}

<input
  className="c0"
/>
`;
