// Jest Snapshot v1, https://goo.gl/fbAQLP

exports[`Test suits for brand subtitle should match with snapshot 1`] = `
.c0 {
  color: white;
  font-size: 1.5rem;
}

<h3
  className="c0"
/>
`;
