// Jest Snapshot v1, https://goo.gl/fbAQLP

exports[`Test suits for BrandTitle Component should match with snapshot 1`] = `
<h1
  className="sc-bdVaJa cIuuyv"
/>
`;
