// Jest Snapshot v1, https://goo.gl/fbAQLP

exports[`Test suits for Header Component should match with snapshot 1`] = `
.c1 {
  height: 100px;
  width: 100px;
}

.c2 {
  -webkit-align-items: center;
  -webkit-box-align: center;
  -ms-flex-align: center;
  align-items: center;
  display: -webkit-box;
  display: -webkit-flex;
  display: -ms-flexbox;
  display: flex;
  -webkit-flex-direction: column;
  -ms-flex-direction: column;
  flex-direction: column;
}

.c3 {
  color: white;
  font-size: 2rem;
}

.c4 {
  color: white;
  font-size: 1.5rem;
}

.c0 {
  -webkit-align-items: center;
  -webkit-box-align: center;
  -ms-flex-align: center;
  align-items: center;
  background-color: rgb(219,112,147);
  color: white;
  display: -webkit-box;
  display: -webkit-flex;
  display: -ms-flexbox;
  display: flex;
  min-height: 90px;
}

<header
  className="c0"
>
  <img
    className="c1"
    src="logo.jpg"
  />
  <div
    className="c2"
  >
    <h1
      className="c3"
    >
      Police Department of Berlin
    </h1>
    <h3
      className="c4"
    >
      Stolen bykes
    </h3>
  </div>
</header>
`;
