// Jest Snapshot v1, https://goo.gl/fbAQLP

exports[`Test suits for Logo Component should match with snapshot 1`] = `
.c0 {
  height: 100px;
  width: 100px;
}

<img
  className="c0"
/>
`;
