// Jest Snapshot v1, https://goo.gl/fbAQLP

exports[`Tests for Header Component Should correctly render header 1`] = `
.c0 {
  background-color: rgb(219,112,147);
  color: white;
  font-size: 3rem;
  height: 10vh;
}

<header
  className="c0"
/>
`;
