// Jest Snapshot v1, https://goo.gl/fbAQLP

exports[`Test suits for Incident Title should match with snapshot 1`] = `
.c0 {
  color: rgb(48,48,48);
  font-size: 2rem;
  padding-bottom: 10px;
}

<h1
  className="c0"
/>
`;
