// Jest Snapshot v1, https://goo.gl/fbAQLP

exports[`Test suits for Incident Description should match with snapshot 1`] = `
.c0 {
  color: green;
}

<p
  className="c0"
>
  Some description
</p>
`;
