// Jest Snapshot v1, https://goo.gl/fbAQLP

exports[`Test suits for Layout component should match to snapshot 1`] = `
<div
  className="sc-bdVaJa bPGLpq"
/>
`;
