// Jest Snapshot v1, https://goo.gl/fbAQLP

exports[`Test suits for Routes Component should match to snapshot 1`] = `<Routes />`;
